export const snapshot = {};

snapshot[`render engine > fallback loader 1`] = `
"<p>
  Fallback file loader
  <br>
  location: &quot;local:fallback.ext&quot;
  <br>
  kind: &quot;unknown&quot;, type: &quot;application/octet-stream&quot;
</p>
"
`;

snapshot[`render engine > vento 1`] = `
'Simple template

Foo: "foo"
Bar: "bar"
Foo + Bar: "foobar"
'
`;

snapshot[`render engine > markdown 1`] = `
'<h1>Headers</h1>
<h1>h1 Heading</h1>
<h2>h2 Heading</h2>
<h3>h3 Heading</h3>
<h4>h4 Heading</h4>
<h5>h5 Heading</h5>
<h6>h6 Heading</h6>
<p>Alternatively, for H1 and H2, an underline-ish style:</p>
<h1>Alt-H1</h1>
<h2>Alt-H2</h2>
<hr>
<h1>Emphasis</h1>
<p>Emphasis, aka italics, with <em>asterisks</em> or <em>underscores</em>.</p>
<p>Strong emphasis, aka bold, with <strong>asterisks</strong> or <strong>underscores</strong>.</p>
<p>Combined emphasis with <strong>asterisks and <em>underscores</em></strong>.</p>
<p>Strikethrough uses two tildes. <del>Scratch this.</del></p>
<p><strong>This is bold text</strong></p>
<p><strong>This is bold text</strong></p>
<p><em>This is italic text</em></p>
<p><em>This is italic text</em></p>
<p><del>Strikethrough</del></p>
<hr>
<h1>Lists</h1>
<ol>
<li>First ordered list item</li>
<li>Another item</li>
</ol>
<ul>
<li>Unordered sub-list.</li>
</ul>
<ol>
<li>Actual numbers don&#39;t matter, just that it&#39;s a number</li>
<li>Ordered sub-list</li>
<li>And another item.</li>
</ol>
<p>You can have properly indented paragraphs within list items. Notice the blank line above, and the leading spaces (at least one, but we&#39;ll use three here to also align the raw Markdown).</p>
<p> To have a line break without a paragraph, you will need to use two trailing spaces.<br>   Note that this line is separate, but within the same paragraph.<br>   (This is contrary to the typical GFM line break behaviour, where trailing spaces are not required.)</p>
<ul>
<li>Unordered list can use asterisks</li>
</ul>
<ul>
<li>Or minuses</li>
</ul>
<ul>
<li>Or pluses</li>
</ul>
<ol>
<li>Make my changes<ol>
<li>Fix bug</li>
<li>Improve formatting<ul>
<li>Make the headings bigger</li>
</ul>
</li>
</ol>
</li>
<li>Push my commits to GitHub</li>
<li>Open a pull request<ul>
<li>Describe my changes</li>
<li>Mention all the members of my team<ul>
<li>Ask for feedback</li>
</ul>
</li>
</ul>
</li>
</ol>
<ul>
<li>Create a list by starting a line with <code>+</code>, <code>-</code>, or <code>*</code></li>
<li>Sub-lists are made by indenting 2 spaces:<ul>
<li>Marker character change forces new list start:<ul>
<li>Ac tristique libero volutpat at</li>
</ul>
<ul>
<li>Facilisis in pretium nisl aliquet</li>
</ul>
<ul>
<li>Nulla volutpat aliquam velit</li>
</ul>
</li>
</ul>
</li>
<li>Very easy!</li>
</ul>
<hr>
<h1>Task lists</h1>
<ul>
<li><input checked="" disabled="" type="checkbox"> Finish my changes</li>
<li><input disabled="" type="checkbox"> Push my commits to GitHub</li>
<li><input disabled="" type="checkbox"> Open a pull request</li>
<li><input checked="" disabled="" type="checkbox"> @mentions, #refs, <a href="">links</a>, <strong>formatting</strong>, and <del>tags</del> supported</li>
<li><input checked="" disabled="" type="checkbox"> list syntax required (any unordered or ordered list supported)</li>
<li><input disabled="" type="checkbox"> this is a complete item</li>
<li><input disabled="" type="checkbox"> this is an incomplete item</li>
</ul>
<hr>
<p>Foo: &quot;{{ foo }}&quot;
Bar: &quot;{{ bar }}&quot;
Foo + Bar: &quot;{{ foo + bar }}&quot;</p>
<hr>

'
`;

snapshot[`render engine > vento and markdown 1`] = `
"

<h1>H1 Header</h1>
<ul>
<li>Foo: &quot;foo&quot;</li>
<li>Bar: &quot;bar&quot;</li>
<li>Foo + Bar: &quot;foobar&quot;</li>
</ul>
<hr>
<h2>H2 Header</h2>

"
`;
